Microchip MPLAB XC8 Compiler V2.45

Linker command line:

-W-3 \
  --edf=C:\Program Files\Microchip\xc8\v2.45\pic\dat\20230818022343_en.msgs \
  -cn \
  -h+dist/default/production\final-project-individual-levin-meinke.X.production.sym \
  --cmf=dist/default/production\final-project-individual-levin-meinke.X.production.cmf \
  -z -w9 --disl=596:off --norlf -Q18F67K40 \
  -oC:\Users\LEVINM~1\AppData\Local\Temp\xcAsh8c.\driver_tmp_3.o \
  --defsym=__MPLAB_BUILD=1 \
  -Mdist/default/production/final-project-individual-levin-meinke.X.production.map \
  --md=C:\Users\LEVINM~1\AppData\Local\Temp\xcAsh8c.\driver_tmp_0.dat -E1 \
  -ver=XC8 Compiler --acfsm=1493 -ACODE=00h-01FFFFh -ACONST=00h-01FFFFh \
  -ASMALLCONST=0E00h-0EFFhx498 -AMEDIUMCONST=0E00h-0FFFFh,010E00h-01FFFFh \
  -ACOMRAM=01h-05Fh -AABS1=00h-0DE9h -ABIGRAM=01h-0DE9h \
  -ARAM=060h-0FFh,0100h-01FFhx12,0D00h-0DE9h -ABANK0=060h-0FFh \
  -ABANK1=0100h-01FFh -ABANK2=0200h-02FFh -ABANK3=0300h-03FFh \
  -ABANK4=0400h-04FFh -ABANK5=0500h-05FFh -ABANK6=0600h-06FFh \
  -ABANK7=0700h-07FFh -ABANK8=0800h-08FFh -ABANK9=0900h-09FFh \
  -ABANK10=0A00h-0AFFh -ABANK11=0B00h-0BFFh -ABANK12=0C00h-0CFFh \
  -ABANK13=0D00h-0DE9h \
  -ASFR=0DEFh-0DFFh,0E00h-0EFFh,0F00h-0F5Fh,0F60h-0FFFh \
  -ABIGSFR=0DEFh-0FFFh -ACONFIG=0300000h-030000Bh -AIDLOC=0200000h-020000Fh \
  -AEEDATA=0310000h-03103FFh -peeprom_data=EEDATA \
  -preset_vec=00h,intcode,intcodelo,powerup,init -pramtop=0E00h \
  -psmallconst=SMALLCONST -pmediumconst=MEDIUMCONST -pconst=CONST \
  -AFARRAM=00h-00h \
  -prdata=COMRAM,nvrram=COMRAM,nvbit=COMRAM,rbss=COMRAM,rbit=COMRAM \
  -pfarbss=FARRAM,fardata=FARRAM,nvFARRAM=FARRAM \
  -pintsave_regs=BIGRAM,bigbss=BIGRAM,bigdata=BIGRAM -pbss=RAM \
  -pidata=CODE,irdata=CODE,ibigdata=CODE,ifardata=CODE \
  C:\Users\LEVINM~1\AppData\Local\Temp\xcAsh8c.\driver_tmp_9.o \
  dist/default/production\final-project-individual-levin-meinke.X.production.o 

Object code version is 3.11

Machine type is 18F67K40



                Name                               Link     Load   Length Selector   Space Scale
C:\Users\LEVINM~1\AppData\Local\Temp\xcAsh8c.\driver_tmp_9.o
                config                           300000   300000        6        0       4
                init                                 1C       1C        4        0       0
dist/default/production\final-project-individual-levin-meinke.X.production.o
                intcode                               0        0       1C        0       0
                config                           300000   300000        6        0       4
                temp                                 36       36        1        1       1
                smallconst                          E00      E00        2      700       0
                text28                             1942     1942       18      701       0
                text26                             1966     1966        C      701       0
                text25                             18E6     18E6       20      701       0
                text24                             182C     182C       2A      701       0
                text23                             1856     1856       28      701       0
                text22                             1990     1990        A      701       0
                text21                             1986     1986        A      701       0
                text20                             195A     195A        C      701       0
                text19                             18C6     18C6       20      701       0
                text18                             17A0     17A0       4A      701       0
                text17                             159C     159C       66      701       0
                text16                             17EA     17EA       42      701       0
                text15                             197C     197C        A      701       0
                text14                             1750     1750       50      701       0
                text13                             1700     1700       50      701       0
                text12                             16B0     16B0       50      701       0
                text11                             1660     1660       50      701       0
                text10                             1602     1602       5E      701       0
                text9                              1528     1528       74      701       0
                text8                              187E     187E       26      701       0
                text7                              11B6     11B6      16C      701       0
                text6                              1322     1322       C2      701       0
                text5                              1924     1924       1E      701       0
                text4                              1486     1486       A2      701       0
                text3                              1906     1906       1E      701       0
                text2                              1972     1972        A      701       0
                text1                              13E4     13E4       A2      701       0
                text0                               E02      E02      3B4      701       0
                cstackCOMRAM                          1        1       1D        1       1
                cstackBANK1                         100      100       CB      100       1
                bssBANK0                             60       60       3C       60       1
                bssCOMRAM                            1E       1E       18        1       1
                cinit                              18A4     18A4       22      701       0

TOTAL           Name                               Link     Load   Length     Space
        CLASS   CODE           
                intcode                               0        0       1C         0
                init                                 1C       1C        4         0
                text28                             1942     1942       18         0
                text26                             1966     1966        C         0
                text25                             18E6     18E6       20         0
                text24                             182C     182C       2A         0
                text23                             1856     1856       28         0
                text22                             1990     1990        A         0
                text21                             1986     1986        A         0
                text20                             195A     195A        C         0
                text19                             18C6     18C6       20         0
                text18                             17A0     17A0       4A         0
                text17                             159C     159C       66         0
                text16                             17EA     17EA       42         0
                text15                             197C     197C        A         0
                text14                             1750     1750       50         0
                text13                             1700     1700       50         0
                text12                             16B0     16B0       50         0
                text11                             1660     1660       50         0
                text10                             1602     1602       5E         0
                text9                              1528     1528       74         0
                text8                              187E     187E       26         0
                text7                              11B6     11B6      16C         0
                text6                              1322     1322       C2         0
                text5                              1924     1924       1E         0
                text4                              1486     1486       A2         0
                text3                              1906     1906       1E         0
                text2                              1972     1972        A         0
                text1                              13E4     13E4       A2         0
                text0                               E02      E02      3B4         0
                cinit                              18A4     18A4       22         0

        CLASS   CONST          

        CLASS   SMALLCONST     
                smallconst                          E00      E00        2         0

        CLASS   MEDIUMCONST    

        CLASS   COMRAM         
                temp                                 36       36        1         1
                cstackCOMRAM                          1        1       1D         1
                bssCOMRAM                            1E       1E       18         1

        CLASS   ABS1           

        CLASS   BIGRAM         

        CLASS   RAM            

        CLASS   BANK0          
                bssBANK0                             60       60       3C         1

        CLASS   BANK1          
                cstackBANK1                         100      100       CB         1

        CLASS   BANK2          

        CLASS   BANK3          

        CLASS   BANK4          

        CLASS   BANK5          

        CLASS   BANK6          

        CLASS   BANK7          

        CLASS   BANK8          

        CLASS   BANK9          

        CLASS   BANK10         

        CLASS   BANK11         

        CLASS   BANK12         

        CLASS   BANK13         

        CLASS   SFR            

        CLASS   BIGSFR         

        CLASS   CONFIG         
                config                           300000   300000        6         4

        CLASS   IDLOC          

        CLASS   EEDATA         

        CLASS   FARRAM         

        CLASS   HEAP           

        CLASS   STACK          



SEGMENTS        Name                           Load    Length   Top    Selector   Space  Class

                reset_vec                      000000  000020  000020         0       0  CODE    
                cstackCOMRAM                   000001  000036  000037         1       1  COMRAM  
                bssBANK0                       000060  00003C  00009C        60       1  BANK0   
                cstackBANK1                    000100  0000CB  0001CB       100       1  BANK1   
                smallconst                     000E00  000002  000E02       700       0  SMALLCON
                text0                          000E02  000B98  00199A       701       0  CODE    


UNUSED ADDRESS RANGES

        Name                Unused          Largest block    Delta
        BANK0            00009C-0000FF               64
        BANK1            0001CB-0001FF               35
        BANK10           000A00-000AFF              100
        BANK11           000B00-000BFF              100
        BANK12           000C00-000CFF              100
        BANK13           000D00-000DE9               EA
        BANK2            000200-0002FF              100
        BANK3            000300-0003FF              100
        BANK4            000400-0004FF              100
        BANK5            000500-0005FF              100
        BANK6            000600-0006FF              100
        BANK7            000700-0007FF              100
        BANK8            000800-0008FF              100
        BANK9            000900-0009FF              100
        BIGRAM           000037-00005F               29
                         00009C-0000FF               64
                         0001CB-000DE9              C1F
        BIGSFR           000DEF-000FFF              211
        CODE             000020-000DFF              DE0
                         00199A-01FFFF            1E666
        COMRAM           000037-00005F               29
        CONFIG           300006-30000B                6
        CONST            000020-000DFF              DE0
                         00199A-01FFFF            1E666
        EEDATA           310000-3103FF              400
        IDLOC            200000-20000F               10
        MEDIUMCONST      00199A-00FFFF             E666
                         010E00-01FFFF             F200
        RAM              00009C-0000FF               64
                         0001CB-000DE9              100
        SFR              000DEF-000FFF              100
        SMALLCONST       00199A-01FFFF              100

                                  Symbol Table

_HighISR                       intcode      000000
__HRAM                         (abs)        000000
__H__absolute__                __absolute__ 000000
__Habs1                        abs1         000000
__Hbank0                       bank0        000000
__Hbank1                       bank1        000000
__Hbank10                      bank10       000000
__Hbank11                      bank11       000000
__Hbank12                      bank12       000000
__Hbank13                      bank13       000000
__Hbank2                       bank2        000000
__Hbank3                       bank3        000000
__Hbank4                       bank4        000000
__Hbank5                       bank5        000000
__Hbank6                       bank6        000000
__Hbank7                       bank7        000000
__Hbank8                       bank8        000000
__Hbank9                       bank9        000000
__Hbigbss                      bigbss       000000
__Hbigdata                     bigdata      000000
__Hbigram                      bigram       000000
__Hbigsfr                      bigsfr       000000
__Hbss                         bss          000000
__HbssBANK0                    bssBANK0     000000
__HbssCOMRAM                   bssCOMRAM    000000
__Hcinit                       cinit        000000
__Hclrtext                     clrtext      000000
__Hcomram                      comram       000000
__Hconst                       const        000000
__HcstackBANK1                 cstackBANK1  000000
__HcstackCOMRAM                cstackCOMRAM 000000
__Hdata                        data         000000
__Heeprom_data                 eeprom_data  000000
__Hfarbss                      farbss       000000
__Hfardata                     fardata      000000
__Hheap                        heap         000000
__Hibigdata                    ibigdata     000000
__Hidata                       idata        000000
__Hidloc                       idloc        000000
__Hifardata                    ifardata     000000
__Hintcode_body                intcode_body 000000
__Hintentry                    intentry     000000
__Hintret                      intret       000000
__Hintsave_regs                intsave_regs 000000
__Hirdata                      irdata       000000
__Hmediumconst                 mediumconst  000000
__HnvFARRAM                    nvFARRAM     000000
__Hnvbit                       nvbit        000000
__Hnvrram                      nvrram       000000
__Hparam                       rparam       000000
__Hram                         ram          000000
__Hrbit                        rbit         000000
__Hrbss                        rbss         000000
__Hrdata                       rdata        000000
__Hreset_vec                   reset_vec    000000
__Hrparam                      rparam       000000
__Hsfr                         sfr          000000
__Hspace_2                     (abs)        000000
__Hstack                       stack        000000
__Hstruct                      struct       000000
__Htext                        text         000000
__Htext0                       text0        000000
__Htext1                       text1        000000
__Htext10                      text10       000000
__Htext11                      text11       000000
__Htext12                      text12       000000
__Htext13                      text13       000000
__Htext14                      text14       000000
__Htext15                      text15       000000
__Htext16                      text16       000000
__Htext17                      text17       000000
__Htext18                      text18       000000
__Htext19                      text19       000000
__Htext2                       text2        000000
__Htext20                      text20       000000
__Htext21                      text21       000000
__Htext22                      text22       000000
__Htext23                      text23       000000
__Htext24                      text24       000000
__Htext25                      text25       000000
__Htext26                      text26       000000
__Htext28                      text28       000000
__Htext3                       text3        000000
__Htext4                       text4        000000
__Htext5                       text5        000000
__Htext6                       text6        000000
__Htext7                       text7        000000
__Htext8                       text8        000000
__Htext9                       text9        000000
__L__absolute__                __absolute__ 000000
__Labs1                        abs1         000000
__Lbank0                       bank0        000000
__Lbank1                       bank1        000000
__Lbank10                      bank10       000000
__Lbank11                      bank11       000000
__Lbank12                      bank12       000000
__Lbank13                      bank13       000000
__Lbank2                       bank2        000000
__Lbank3                       bank3        000000
__Lbank4                       bank4        000000
__Lbank5                       bank5        000000
__Lbank6                       bank6        000000
__Lbank7                       bank7        000000
__Lbank8                       bank8        000000
__Lbank9                       bank9        000000
__Lbigbss                      bigbss       000000
__Lbigdata                     bigdata      000000
__Lbigram                      bigram       000000
__Lbigsfr                      bigsfr       000000
__Lbss                         bss          000000
__LbssBANK0                    bssBANK0     000000
__LbssCOMRAM                   bssCOMRAM    000000
__Lcinit                       cinit        000000
__Lclrtext                     clrtext      000000
__Lcomram                      comram       000000
__Lconfig                      config       000000
__Lconst                       const        000000
__LcstackBANK1                 cstackBANK1  000000
__LcstackCOMRAM                cstackCOMRAM 000000
__Ldata                        data         000000
__Leeprom_data                 eeprom_data  000000
__Lfarbss                      farbss       000000
__Lfardata                     fardata      000000
__Lheap                        heap         000000
__Libigdata                    ibigdata     000000
__Lidata                       idata        000000
__Lidloc                       idloc        000000
__Lifardata                    ifardata     000000
__Lintcode                     intcode      000000
__Lintcode_body                intcode_body 000000
__Lintentry                    intentry     000000
__Lintret                      intret       000000
__Lintsave_regs                intsave_regs 000000
__Lirdata                      irdata       000000
__Lmediumconst                 mediumconst  000000
__LnvFARRAM                    nvFARRAM     000000
__Lnvbit                       nvbit        000000
__Lnvrram                      nvrram       000000
__Lparam                       rparam       000000
__Lram                         ram          000000
__Lrbit                        rbit         000000
__Lrbss                        rbss         000000
__Lrdata                       rdata        000000
__Lreset_vec                   reset_vec    000000
__Lrparam                      rparam       000000
__Lsfr                         sfr          000000
__Lspace_0                     (abs)        000000
__Lspace_1                     (abs)        000000
__Lspace_2                     (abs)        000000
__Lspace_4                     (abs)        000000
__Lstack                       stack        000000
__Lstruct                      struct       000000
__Ltext                        text         000000
__Ltext0                       text0        000000
__Ltext1                       text1        000000
__Ltext10                      text10       000000
__Ltext11                      text11       000000
__Ltext12                      text12       000000
__Ltext13                      text13       000000
__Ltext14                      text14       000000
__Ltext15                      text15       000000
__Ltext16                      text16       000000
__Ltext17                      text17       000000
__Ltext18                      text18       000000
__Ltext19                      text19       000000
__Ltext2                       text2        000000
__Ltext20                      text20       000000
__Ltext21                      text21       000000
__Ltext22                      text22       000000
__Ltext23                      text23       000000
__Ltext24                      text24       000000
__Ltext25                      text25       000000
__Ltext26                      text26       000000
__Ltext28                      text28       000000
__Ltext3                       text3        000000
__Ltext4                       text4        000000
__Ltext5                       text5        000000
__Ltext6                       text6        000000
__Ltext7                       text7        000000
__Ltext8                       text8        000000
__Ltext9                       text9        000000
__S4                           (abs)        000000
__S5                           (abs)        000000
___heap_hi                     (abs)        000000
___heap_lo                     (abs)        000000
___inthi_sp                    stack        000000
___inthi_stack_hi              stack        000000
___inthi_stack_lo              stack        000000
___intlo_sp                    stack        000000
___intlo_stack_hi              stack        000000
___intlo_stack_lo              stack        000000
___param_bank                  (abs)        000000
___sp                          stack        000000
___stack_hi                    stack        000000
___stack_lo                    stack        000000
__activetblptr                 (abs)        000000
__mediumconst                  mediumconst  000000
__pintcode                     intcode      000000
_decide_action                                    
_invert_instruction                               
_turn_180                                         
_turn_left_90                                     
_turn_r_90                                        
_turn_right_90                                    
intlevel0                      text         000000
intlevel1                      text         000000
intlevel2                      text         000000
intlevel3                      text         000000
isa$xinst                      (abs)        000000
stackhi                        (abs)        000000
stacklo                        (abs)        000000
?_decide_action                cstackCOMRAM 000001
?_invert_instruction           cstackCOMRAM 000001
__LRAM                         (abs)        000001
___rparam_used                 (abs)        000001
__pcstackCOMRAM                cstackCOMRAM 000001
isa$std                        (abs)        000001
sendCharSerial4@charToSend     cstackCOMRAM 000001
?___wmul                       cstackCOMRAM 000002
?_get16bitTMR0val              cstackCOMRAM 000002
___wmul@multiplier             cstackCOMRAM 000002
initDCmotorsPWM@PWMperiod      cstackCOMRAM 000002
I2C_2_Master_Write@data_byte   cstackCOMRAM 000003
I2C_2_Master_Read@ack          cstackCOMRAM 000004
___wmul@multiplicand           cstackCOMRAM 000004
color_writetoaddr@value        cstackCOMRAM 000004
I2C_2_Master_Read@tmp          cstackCOMRAM 000005
color_writetoaddr@address      cstackCOMRAM 000005
?_color_read_Blue              cstackCOMRAM 000006
?_color_read_Clear             cstackCOMRAM 000006
?_color_read_Green             cstackCOMRAM 000006
?_color_read_Red               cstackCOMRAM 000006
___wmul@product                cstackCOMRAM 000006
get16bitTMR0val@timer_val      cstackCOMRAM 000006
?___lwdiv                      cstackCOMRAM 000008
___lwdiv@dividend              cstackCOMRAM 000008
___lwdiv@divisor               cstackCOMRAM 00000A
color_read_Blue@tmp            cstackCOMRAM 00000B
color_read_Clear@tmp           cstackCOMRAM 00000B
color_read_Green@tmp           cstackCOMRAM 00000B
color_read_Red@tmp             cstackCOMRAM 00000B
___lwdiv@quotient              cstackCOMRAM 00000C
color_read@p                   cstackCOMRAM 00000D
___lwdiv@counter               cstackCOMRAM 00000E
setMotorPWM@m                  cstackCOMRAM 00000F
setMotorPWM@posDuty            cstackCOMRAM 000013
setMotorPWM@negDuty            cstackCOMRAM 000014
fullSpeedAhead@mL              cstackCOMRAM 000015
stop@mL                        cstackCOMRAM 000015
fullSpeedAhead@mR              cstackCOMRAM 000017
stop@mR                        cstackCOMRAM 000017
__Hintcode                     intcode      00001C
__Hintcodelo                   intcodelo    00001C
__Hpowerup                     powerup      00001C
__Linit                        init         00001C
__Lintcodelo                   intcodelo    00001C
__Lpowerup                     powerup      00001C
__end_of_HighISR               intcode      00001C
start                          init         00001C
_EUSART4RXbuf                  bssCOMRAM    00001E
__pbssCOMRAM                   bssCOMRAM    00001E
__Hinit                        init         000020
_TxBufReadCnt                  bssCOMRAM    000032
_TxBufWriteCnt                 bssCOMRAM    000033
_RxBufReadCnt                  bssCOMRAM    000034
_RxBufWriteCnt                 bssCOMRAM    000035
__Ltemp                        temp         000036
btemp                          temp         000036
int$flags                      temp         000036
__Htemp                        temp         000037
ttemp5                         temp         000037
wtemp8                         temp         000037
ttemp6                         temp         00003A
ttemp7                         temp         00003E
_EUSART4TXbuf                  bssBANK0     000060
__accesstop                    (abs)        000060
__pbssBANK0                    bssBANK0     000060
__pcstackBANK1                 cstackBANK1  000100
main@clear_val                 cstackBANK1  000100
main@red_val                   cstackBANK1  000114
main@green_val                 cstackBANK1  000128
main@blue_val                  cstackBANK1  00013C
main@timings                   cstackBANK1  000150
main@actions                   cstackBANK1  000178
main@lum                       cstackBANK1  0001A0
main@pRGBC                     cstackBANK1  0001A2
main@measured_time             cstackBANK1  0001A4
main@RGBC                      cstackBANK1  0001A6
main@actions_completed         cstackBANK1  0001AE
main@upcoming_action           cstackBANK1  0001B0
main@going_forward             cstackBANK1  0001B2
main@pmL                       cstackBANK1  0001B3
main@pmR                       cstackBANK1  0001B5
main@motorL                    cstackBANK1  0001B7
main@motorR                    cstackBANK1  0001C0
main@action_to_do              cstackBANK1  0001C9
__Hspace_1                     (abs)        0001CB
__S1                           (abs)        0001CB
__Hramtop                      ramtop       000E00
__Lramtop                      ramtop       000E00
__Lsmallconst                  smallconst   000E00
__psmallconst                  smallconst   000E00
__ramtop                       ramtop       000E00
__smallconst                   smallconst   000E00
__Hsmallconst                  smallconst   000E02
__ptext0                       text0        000E02
_main                          text0        000E02
_RX4PPS                        (abs)        000E15
_SSP2CLKPPS                    (abs)        000E1C
_SSP2DATPPS                    (abs)        000E1D
_PIE0bits                      (abs)        000E29
_PIE2bits                      (abs)        000E2B
_PIE4bits                      (abs)        000E2D
_PIR4bits                      (abs)        000E37
_RC0PPS                        (abs)        000E62
_RC7PPS                        (abs)        000E69
_RD5PPS                        (abs)        000E6F
_RD6PPS                        (abs)        000E70
_RE2PPS                        (abs)        000E74
_RE4PPS                        (abs)        000E76
_RG6PPS                        (abs)        000E88
_ANSELAbits                    (abs)        000E92
_ANSELDbits                    (abs)        000EA7
_ANSELFbits                    (abs)        000EB4
_SSP2BUF                       (abs)        000ED5
_SSP2ADD                       (abs)        000ED6
_SSP2STAT                      (abs)        000ED8
_SSP2CON1bits                  (abs)        000ED9
_SSP2CON2                      (abs)        000EDA
_SSP2CON2bits                  (abs)        000EDA
_RC4REG                        (abs)        000EE3
_TX4REG                        (abs)        000EE4
_SP4BRGL                       (abs)        000EE5
_SP4BRGH                       (abs)        000EE6
_RC4STAbits                    (abs)        000EE7
_TX4STAbits                    (abs)        000EE8
_BAUD4CONbits                  (abs)        000EE9
_CCPR4H                        (abs)        000F21
_CCP4CONbits                   (abs)        000F22
_CCPR3H                        (abs)        000F25
_CCP3CONbits                   (abs)        000F26
_ADREFbits                     (abs)        000F58
_ADPCH                         (abs)        000F5F
_ADCON0bits                    (abs)        000F60
_ADRESH                        (abs)        000F64
_LATAbits                      (abs)        000F79
_LATCbits                      (abs)        000F7B
_LATEbits                      (abs)        000F7D
_LATGbits                      (abs)        000F7F
_LATHbits                      (abs)        000F80
_TRISAbits                     (abs)        000F81
_TRISCbits                     (abs)        000F83
_TRISDbits                     (abs)        000F84
_TRISEbits                     (abs)        000F85
_TRISFbits                     (abs)        000F86
_TRISGbits                     (abs)        000F87
_TRISHbits                     (abs)        000F88
_PORTBbits                     (abs)        000F8A
_PORTFbits                     (abs)        000F8E
_CCPR2H                        (abs)        000FA6
_CCP2CONbits                   (abs)        000FA7
_CCPR1H                        (abs)        000FAA
_CCP1CONbits                   (abs)        000FAB
_CCPTMRS0bits                  (abs)        000FAD
_T2PR                          (abs)        000FBC
_T2CONbits                     (abs)        000FBD
_T2HLTbits                     (abs)        000FBE
_T2CLKCONbits                  (abs)        000FBF
_TMR0L                         (abs)        000FD3
_TMR0H                         (abs)        000FD4
_T0CON0bits                    (abs)        000FD5
_T0CON1bits                    (abs)        000FD6
_INTCONbits                    (abs)        000FF2
__end_of_main                  text0        0011B6
__ptext7                       text7        0011B6
_setMotorPWM                   text7        0011B6
__end_of_setMotorPWM           text7        001322
__ptext6                       text6        001322
_fullSpeedAhead                text6        001322
__end_of_fullSpeedAhead        text6        0013E4
__ptext1                       text1        0013E4
_stop                          text1        0013E4
__end_of_stop                  text1        001486
__ptext4                       text4        001486
_initDCmotorsPWM               text4        001486
___lwdiv                       text9        001528
__end_of_initDCmotorsPWM       text4        001528
__ptext9                       text9        001528
__end_of___lwdiv               text9        00159C
__ptext17                      text17       00159C
_color_click_toggleLED         text17       00159C
__end_of_color_click_toggleLED text17       001602
__ptext10                      text10       001602
_color_read                    text10       001602
__end_of_color_read            text10       001660
__ptext11                      text11       001660
_color_read_Red                text11       001660
__end_of_color_read_Red        text11       0016B0
__ptext12                      text12       0016B0
_color_read_Green              text12       0016B0
__end_of_color_read_Green      text12       001700
__ptext13                      text13       001700
_color_read_Clear              text13       001700
__end_of_color_read_Clear      text13       001750
__ptext14                      text14       001750
_color_read_Blue               text14       001750
__end_of_color_read_Blue       text14       0017A0
__ptext18                      text18       0017A0
_color_click_init              text18       0017A0
_I2C_2_Master_Read             text16       0017EA
__end_of_color_click_init      text18       0017EA
__ptext16                      text16       0017EA
_I2C_2_Master_Init             text24       00182C
__end_of_I2C_2_Master_Read     text16       00182C
__ptext24                      text24       00182C
_I2C_2_Master_Idle             text23       001856
__end_of_I2C_2_Master_Init     text24       001856
__ptext23                      text23       001856
___wmul                        text8        00187E
__end_of_I2C_2_Master_Idle     text23       00187E
__ptext8                       text8        00187E
__end_of___wmul                text8        0018A4
__initialization               cinit        0018A4
__pcinit                       cinit        0018A4
start_initialization           cinit        0018A4
__end_of__initialization       cinit        0018BC
end_of_initialization          cinit        0018BC
__ptext19                      text19       0018C6
_color_writetoaddr             text19       0018C6
_Timer0_init                   text25       0018E6
__end_of_color_writetoaddr     text19       0018E6
__ptext25                      text25       0018E6
__end_of_Timer0_init           text25       001906
__ptext3                       text3        001906
_initUSART4                    text3        001906
__end_of_initUSART4            text3        001924
__ptext5                       text5        001924
_get16bitTMR0val               text5        001924
__end_of_get16bitTMR0val       text5        001942
__ptext28                      text28       001942
_sendCharSerial4               text28       001942
_I2C_2_Master_Write            text20       00195A
__end_of_sendCharSerial4       text28       00195A
__ptext20                      text20       00195A
_Interrupts_init               text26       001966
__end_of_I2C_2_Master_Write    text20       001966
__ptext26                      text26       001966
__end_of_Interrupts_init       text26       001972
__ptext2                       text2        001972
_resetTimer0                   text2        001972
_I2C_2_Master_RepStart         text15       00197C
__end_of_resetTimer0           text2        00197C
__ptext15                      text15       00197C
_I2C_2_Master_Stop             text21       001986
__end_of_I2C_2_Master_RepStart text15       001986
__ptext21                      text21       001986
_I2C_2_Master_Start            text22       001990
__end_of_I2C_2_Master_Stop     text21       001990
__ptext22                      text22       001990
__Hspace_0                     (abs)        00199A
__S0                           (abs)        00199A
__end_of_I2C_2_Master_Start    text22       00199A
__Hconfig                      config       300006
__Hspace_4                     (abs)        600006
